[preview.colorlib.com/theme/knuford/index.html]
[backblue.gif]
[fade.gif]
[index.html]
[stackpath.bootstrapcdn.com/font-awesome/4.7.0/css/font-awesome.min.css]
[cdnjs.cloudflare.com/ajax/libs/ionicons/4.5.6/css/ionicons.min.css]
[preview.colorlib.com/theme/knuford/css/A.animate.css+flaticon.css+tiny-slider.css+glightbox.min.css+aos.css+style.css,Mcc.c00jH6hmbz.css.pagespeed.cf.AFASkYfk42.css]
[preview.colorlib.com/theme/knuford/index-2.html]
[preview.colorlib.com/theme/knuford/images/xbg_1.jpg.pagespeed.ic.sc5qLQi6UW.jpg]
[preview.colorlib.com/theme/knuford/images/xabout.jpg.pagespeed.ic.3XzwTlBUg1.jpg]
[preview.colorlib.com/theme/knuford/images/xbg_3.jpg.pagespeed.ic.z_ltqRZXRc.jpg]
[preview.colorlib.com/theme/knuford/images/xproject-1.jpg.pagespeed.ic.qy3tUEpwWq.jpg]
[preview.colorlib.com/theme/knuford/images/xproject-2.jpg.pagespeed.ic.S7VN-qnm5z.jpg]
[preview.colorlib.com/theme/knuford/images/xproject-3.jpg.pagespeed.ic.F_zwiH0stO.jpg]
[preview.colorlib.com/theme/knuford/images/xproject-4.jpg.pagespeed.ic.GscbfoNHvq.jpg]
[preview.colorlib.com/theme/knuford/images/xproject-5.jpg.pagespeed.ic.WwQEjmOv-r.jpg]
[preview.colorlib.com/theme/knuford/images/xproject-6.jpg.pagespeed.ic.oJeeO27vYz.jpg]
[preview.colorlib.com/theme/knuford/images/xperson_1.jpg.pagespeed.ic.P4pHl6glbj.jpg]
[preview.colorlib.com/theme/knuford/images/xperson_2.jpg.pagespeed.ic.yyrmjBH91b.jpg]
[preview.colorlib.com/theme/knuford/images/person_3.jpg]
[preview.colorlib.com/theme/knuford/blog-single.html]
[preview.colorlib.com/theme/knuford/images/ximage_1.jpg.pagespeed.ic.sYEsLcUyj_.jpg]
[preview.colorlib.com/theme/knuford/images/ximage_2.jpg.pagespeed.ic.cSUVyMwItV.jpg]
[preview.colorlib.com/theme/knuford/images/ximage_3.jpg.pagespeed.ic.5zztMSovUH.jpg]
[preview.colorlib.com/theme/knuford/images/ximage_4.jpg.pagespeed.ic.0mxmKkOd81.jpg]
[preview.colorlib.com/theme/knuford/images/ximage_5.jpg.pagespeed.ic.uC7KZcyuOx.jpg]
[preview.colorlib.com/theme/knuford/images/image_6.jpg]
[preview.colorlib.com/cdn-cgi/scripts/5c5dd728/cloudflare-static/email-decode.min.js]
[preview.colorlib.com/theme/knuford/js/bootstrap.bundle.min.js]
[preview.colorlib.com/theme/knuford/js/tiny-slider.js]
[preview.colorlib.com/theme/knuford/js/glightbox.min.js+aos.js+typewritter.js.pagespeed.jc.krvZqN032w.js]
[preview.colorlib.com/theme/knuford/js/slideNav.js]
[preview.colorlib.com/theme/knuford/js/google-map.js+main.js.pagespeed.jc.xh_VzmgBjB.js]
[preview.colorlib.com/theme/knuford/index.html]
[stackpath.bootstrapcdn.com/font-awesome/4.7.0/css/font-awesome.min.css]
[cdnjs.cloudflare.com/ajax/libs/ionicons/4.5.6/css/ionicons.min.css]
[static.cloudflareinsights.com/beacon.min.js]
[preview.colorlib.com/theme/knuford/fonts/flaticon/font/Flaticon.eot]
[preview.colorlib.com/theme/knuford/fonts/flaticon/font/Flaticond41d.eot]
[preview.colorlib.com/theme/knuford/fonts/flaticon/font/Flaticon.woff]
[preview.colorlib.com/theme/knuford/fonts/flaticon/font/Flaticon.ttf]
[preview.colorlib.com/theme/knuford/css/A.animate.css+flaticon.css+tiny-slider.css+glightbox.min.css+aos.css+style.css,Mcc.c00jH6hmbz.css.pagespeed.cf.AFASkYfk42.css]
[preview.colorlib.com/theme/knuford/index-2.html]
[preview.colorlib.com/theme/knuford/fonts/flaticon/font/Flaticon.svg]
[preview.colorlib.com/theme/knuford/blog.html]
[preview.colorlib.com/theme/knuford/images/image_1.jpg]
[preview.colorlib.com/theme/knuford/js/glightbox.min.js]
[preview.colorlib.com/theme/knuford/js/aos.js]
[preview.colorlib.com/theme/knuford/js/typewritter.js]
[preview.colorlib.com/theme/knuford/js/slideNav.min.js]
[preview.colorlib.com/theme/knuford/js/google-map.js]
[preview.colorlib.com/theme/knuford/blog-single.html]
[preview.colorlib.com/theme/knuford/fonts/flaticon/font/Flaticon.svg]
[preview.colorlib.com/theme/knuford/blog.html]
[preview.colorlib.com/theme/knuford/js/main.js]
